model size: 0.000 GB	cache size: 0.000 GB	hidden size (p): 0.000 GB
peak gpu mem: 21.290 GB	projected: False
prefill latency: 2.451 s	prefill throughput: 3343.297 token/s
decode latency: 44.122 s	decode throughput: 11.581 token/s
total latency: 46.574 s	total throughput: 10.993 token/s
model size: 0.000 GB	cache size: 0.000 GB	hidden size (p): 0.000 GB
peak gpu mem: 21.290 GB	projected: False
prefill latency: 2.467 s	prefill throughput: 3322.822 token/s
decode latency: 44.597 s	decode throughput: 11.458 token/s
total latency: 47.064 s	total throughput: 10.879 token/s
model size: 0.000 GB	cache size: 0.000 GB	hidden size (p): 0.000 GB
peak gpu mem: 21.290 GB	projected: False
prefill latency: 2.459 s	prefill throughput: 3332.539 token/s
decode latency: 43.948 s	decode throughput: 11.627 token/s
total latency: 46.407 s	total throughput: 11.033 token/s
model size: 0.000 GB	cache size: 0.000 GB	hidden size (p): 0.000 GB
peak gpu mem: 21.290 GB	projected: False
prefill latency: 2.422 s	prefill throughput: 3384.215 token/s
decode latency: 47.299 s	decode throughput: 10.804 token/s
total latency: 49.721 s	total throughput: 10.297 token/s
model size: 0.000 GB	cache size: 0.000 GB	hidden size (p): 0.000 GB
peak gpu mem: 21.290 GB	projected: False
prefill latency: 2.423 s	prefill throughput: 3382.359 token/s
decode latency: 44.736 s	decode throughput: 11.423 token/s
total latency: 47.159 s	total throughput: 10.857 token/s
model size: 0.000 GB	cache size: 0.000 GB	hidden size (p): 0.000 GB
peak gpu mem: 21.267 GB	projected: False
prefill latency: 2.449 s	prefill throughput: 3347.100 token/s
decode latency: 49.429 s	decode throughput: 10.338 token/s
total latency: 51.877 s	total throughput: 9.869 token/s
model size: 0.000 GB	cache size: 0.000 GB	hidden size (p): 0.000 GB
peak gpu mem: 21.290 GB	projected: False
prefill latency: 2.440 s	prefill throughput: 3359.346 token/s
decode latency: 48.063 s	decode throughput: 10.632 token/s
total latency: 50.503 s	total throughput: 10.138 token/s
model size: 0.000 GB	cache size: 0.000 GB	hidden size (p): 0.000 GB
peak gpu mem: 21.290 GB	projected: False
prefill latency: 2.473 s	prefill throughput: 3314.131 token/s
decode latency: 46.647 s	decode throughput: 10.955 token/s
total latency: 49.120 s	total throughput: 10.424 token/s
model size: 0.000 GB	cache size: 0.000 GB	hidden size (p): 0.000 GB
peak gpu mem: 21.267 GB	projected: False
prefill latency: 2.494 s	prefill throughput: 3285.895 token/s
decode latency: 48.277 s	decode throughput: 10.585 token/s
total latency: 50.771 s	total throughput: 10.084 token/s
model size: 0.000 GB	cache size: 0.000 GB	hidden size (p): 0.000 GB
peak gpu mem: 21.290 GB	projected: False
prefill latency: 2.471 s	prefill throughput: 3316.375 token/s
decode latency: 40.899 s	decode throughput: 12.494 token/s
total latency: 43.371 s	total throughput: 11.805 token/s
model size: 0.000 GB	cache size: 0.000 GB	hidden size (p): 0.000 GB
peak gpu mem: 21.294 GB	projected: False
prefill latency: 2.822 s	prefill throughput: 2904.362 token/s
decode latency: 57.056 s	decode throughput: 8.956 token/s
total latency: 59.878 s	total throughput: 8.551 token/s
model size: 0.000 GB	cache size: 0.000 GB	hidden size (p): 0.000 GB
peak gpu mem: 20.945 GB	projected: False
prefill latency: 11.902 s	prefill throughput: 688.622 token/s
decode latency: 49.626 s	decode throughput: 10.297 token/s
total latency: 61.528 s	total throughput: 8.321 token/s
model size: 0.000 GB	cache size: 0.000 GB	hidden size (p): 0.000 GB
peak gpu mem: 21.294 GB	projected: False
prefill latency: 2.603 s	prefill throughput: 3149.264 token/s
decode latency: 55.598 s	decode throughput: 9.191 token/s
total latency: 58.201 s	total throughput: 8.797 token/s
model size: 0.000 GB	cache size: 0.000 GB	hidden size (p): 0.000 GB
peak gpu mem: 21.290 GB	projected: False
prefill latency: 2.451 s	prefill throughput: 3344.127 token/s
decode latency: 41.549 s	decode throughput: 12.299 token/s
total latency: 44.000 s	total throughput: 11.636 token/s
model size: 0.000 GB	cache size: 0.000 GB	hidden size (p): 0.000 GB
peak gpu mem: 21.267 GB	projected: False
prefill latency: 2.465 s	prefill throughput: 3325.266 token/s
decode latency: 49.262 s	decode throughput: 10.373 token/s
total latency: 51.727 s	total throughput: 9.898 token/s
model size: 0.000 GB	cache size: 0.000 GB	hidden size (p): 0.000 GB
peak gpu mem: 21.294 GB	projected: False
prefill latency: 1.553 s	prefill throughput: 5277.132 token/s
decode latency: 52.223 s	decode throughput: 9.785 token/s
total latency: 53.776 s	total throughput: 9.521 token/s
model size: 0.000 GB	cache size: 0.000 GB	hidden size (p): 0.000 GB
peak gpu mem: 21.294 GB	projected: False
prefill latency: 1.550 s	prefill throughput: 5286.277 token/s
decode latency: 52.687 s	decode throughput: 9.699 token/s
total latency: 54.238 s	total throughput: 9.440 token/s
model size: 0.000 GB	cache size: 0.000 GB	hidden size (p): 0.000 GB
peak gpu mem: 21.267 GB	projected: False
prefill latency: 2.464 s	prefill throughput: 3325.728 token/s
decode latency: 55.712 s	decode throughput: 9.172 token/s
total latency: 58.176 s	total throughput: 8.801 token/s
