model size: 0.000 GB	cache size: 0.000 GB	hidden size (p): 0.000 GB
peak gpu mem: 31.449 GB	projected: False
prefill latency: 27.150 s	prefill throughput: 4830.086 token/s
decode latency: 392.227 s	decode throughput: 20.845 token/s
total latency: 419.377 s	total throughput: 19.534 token/s
model size: 0.000 GB	cache size: 0.000 GB	hidden size (p): 0.000 GB
peak gpu mem: 31.449 GB	projected: False
prefill latency: 28.133 s	prefill throughput: 4661.249 token/s
decode latency: 133.612 s	decode throughput: 61.192 token/s
total latency: 161.745 s	total throughput: 50.648 token/s
model size: 0.000 GB	cache size: 0.000 GB	hidden size (p): 0.000 GB
peak gpu mem: 31.449 GB	projected: False
prefill latency: 13.784 s	prefill throughput: 9513.422 token/s
decode latency: 287.069 s	decode throughput: 28.481 token/s
total latency: 300.853 s	total throughput: 27.229 token/s
model size: 0.000 GB	cache size: 0.000 GB	hidden size (p): 0.000 GB
peak gpu mem: 25.929 GB	projected: False
prefill latency: 28.054 s	prefill throughput: 4674.426 token/s
decode latency: 267.391 s	decode throughput: 30.577 token/s
total latency: 295.445 s	total throughput: 27.728 token/s
model size: 0.000 GB	cache size: 0.000 GB	hidden size (p): 0.000 GB
peak gpu mem: 27.869 GB	projected: False
prefill latency: 28.281 s	prefill throughput: 4636.868 token/s
decode latency: 171.639 s	decode throughput: 47.635 token/s
total latency: 199.920 s	total throughput: 40.976 token/s
model size: 0.000 GB	cache size: 0.000 GB	hidden size (p): 0.000 GB
peak gpu mem: 25.930 GB	projected: False
prefill latency: 28.279 s	prefill throughput: 4637.157 token/s
decode latency: 569.505 s	decode throughput: 14.356 token/s
total latency: 597.784 s	total throughput: 13.704 token/s
model size: 0.000 GB	cache size: 0.000 GB	hidden size (p): 0.000 GB
peak gpu mem: 25.929 GB	projected: False
prefill latency: 28.155 s	prefill throughput: 4657.635 token/s
decode latency: 319.964 s	decode throughput: 25.553 token/s
total latency: 348.120 s	total throughput: 23.532 token/s
model size: 0.000 GB	cache size: 0.000 GB	hidden size (p): 0.000 GB
peak gpu mem: 31.450 GB	projected: False
prefill latency: 23.965 s	prefill throughput: 5471.967 token/s
decode latency: 214.955 s	decode throughput: 38.036 token/s
total latency: 238.920 s	total throughput: 34.288 token/s
