model size: 0.000 GB	cache size: 0.000 GB	hidden size (p): 0.000 GB
peak gpu mem: 23.459 GB	projected: False
prefill latency: 14.103 s	prefill throughput: 4649.380 token/s
decode latency: 155.394 s	decode throughput: 26.307 token/s
total latency: 169.496 s	total throughput: 24.166 token/s
model size: 0.000 GB	cache size: 0.000 GB	hidden size (p): 0.000 GB
peak gpu mem: 23.459 GB	projected: False
prefill latency: 13.983 s	prefill throughput: 4688.958 token/s
decode latency: 157.022 s	decode throughput: 26.035 token/s
total latency: 171.005 s	total throughput: 23.952 token/s
model size: 0.000 GB	cache size: 0.000 GB	hidden size (p): 0.000 GB
peak gpu mem: 23.459 GB	projected: False
prefill latency: 12.619 s	prefill throughput: 5196.013 token/s
decode latency: 83.688 s	decode throughput: 48.848 token/s
total latency: 96.307 s	total throughput: 42.531 token/s
model size: 0.000 GB	cache size: 0.000 GB	hidden size (p): 0.000 GB
peak gpu mem: 23.459 GB	projected: False
prefill latency: 6.902 s	prefill throughput: 9499.379 token/s
decode latency: 141.540 s	decode throughput: 28.882 token/s
total latency: 148.442 s	total throughput: 27.593 token/s
model size: 0.000 GB	cache size: 0.000 GB	hidden size (p): 0.000 GB
peak gpu mem: 20.601 GB	projected: False
prefill latency: 21.370 s	prefill throughput: 3068.287 token/s
decode latency: 147.944 s	decode throughput: 27.632 token/s
total latency: 169.314 s	total throughput: 24.192 token/s
model size: 0.000 GB	cache size: 0.000 GB	hidden size (p): 0.000 GB
peak gpu mem: 20.601 GB	projected: False
prefill latency: 21.570 s	prefill throughput: 3039.832 token/s
decode latency: 157.105 s	decode throughput: 26.021 token/s
total latency: 178.675 s	total throughput: 22.924 token/s
model size: 0.000 GB	cache size: 0.000 GB	hidden size (p): 0.000 GB
peak gpu mem: 21.563 GB	projected: False
prefill latency: 21.397 s	prefill throughput: 3064.365 token/s
decode latency: 106.157 s	decode throughput: 38.509 token/s
total latency: 127.554 s	total throughput: 32.112 token/s
model size: 0.000 GB	cache size: 0.000 GB	hidden size (p): 0.000 GB
peak gpu mem: 20.601 GB	projected: False
prefill latency: 21.325 s	prefill throughput: 3074.716 token/s
decode latency: 301.057 s	decode throughput: 13.579 token/s
total latency: 322.381 s	total throughput: 12.705 token/s
model size: 0.000 GB	cache size: 0.000 GB	hidden size (p): 0.000 GB
peak gpu mem: 20.601 GB	projected: False
prefill latency: 21.233 s	prefill throughput: 3087.976 token/s
decode latency: 178.589 s	decode throughput: 22.891 token/s
total latency: 199.822 s	total throughput: 20.498 token/s
model size: 0.000 GB	cache size: 0.000 GB	hidden size (p): 0.000 GB
peak gpu mem: 61.818 GB	projected: False
prefill latency: 11.499 s	prefill throughput: 5701.977 token/s
decode latency: 122.560 s	decode throughput: 33.355 token/s
total latency: 134.059 s	total throughput: 30.554 token/s
model size: 0.000 GB	cache size: 0.000 GB	hidden size (p): 0.000 GB
peak gpu mem: 23.459 GB	projected: False
prefill latency: 11.403 s	prefill throughput: 5750.155 token/s
decode latency: 147.188 s	decode throughput: 27.774 token/s
total latency: 158.591 s	total throughput: 25.828 token/s
model size: 0.000 GB	cache size: 0.000 GB	hidden size (p): 0.000 GB
peak gpu mem: 23.459 GB	projected: False
prefill latency: 11.607 s	prefill throughput: 5648.827 token/s
decode latency: 150.098 s	decode throughput: 27.236 token/s
total latency: 161.705 s	total throughput: 25.330 token/s
