model size: 0.000 GB	cache size: 0.000 GB	hidden size (p): 0.000 GB
peak gpu mem: 29.024 GB	projected: False
prefill latency: 11.552 s	prefill throughput: 1418.229 token/s
decode latency: 67.819 s	decode throughput: 7.535 token/s
total latency: 79.371 s	total throughput: 6.451 token/s
model size: 0.000 GB	cache size: 0.000 GB	hidden size (p): 0.000 GB
peak gpu mem: 29.024 GB	projected: False
prefill latency: 11.580 s	prefill throughput: 1414.882 token/s
decode latency: 60.240 s	decode throughput: 8.483 token/s
total latency: 71.820 s	total throughput: 7.129 token/s
model size: 0.000 GB	cache size: 0.000 GB	hidden size (p): 0.000 GB
peak gpu mem: 29.024 GB	projected: False
prefill latency: 11.494 s	prefill throughput: 1425.477 token/s
decode latency: 68.165 s	decode throughput: 7.497 token/s
total latency: 79.659 s	total throughput: 6.427 token/s
model size: 0.000 GB	cache size: 0.000 GB	hidden size (p): 0.000 GB
peak gpu mem: 29.024 GB	projected: False
prefill latency: 14.119 s	prefill throughput: 1160.406 token/s
decode latency: 69.634 s	decode throughput: 7.338 token/s
total latency: 83.753 s	total throughput: 6.113 token/s
