model size: 0.000 GB	cache size: 0.000 GB	hidden size (p): 0.000 GB
peak gpu mem: 27.122 GB	projected: False
prefill latency: 5.650 s	prefill throughput: 2901.324 token/s
decode latency: 51.643 s	decode throughput: 19.790 token/s
total latency: 57.293 s	total throughput: 17.873 token/s
model size: 0.000 GB	cache size: 0.000 GB	hidden size (p): 0.000 GB
peak gpu mem: 27.086 GB	projected: False
prefill latency: 5.629 s	prefill throughput: 2912.184 token/s
decode latency: 67.308 s	decode throughput: 15.184 token/s
total latency: 72.937 s	total throughput: 14.040 token/s
model size: 0.000 GB	cache size: 0.000 GB	hidden size (p): 0.000 GB
peak gpu mem: 27.130 GB	projected: False
prefill latency: 3.043 s	prefill throughput: 5387.342 token/s
decode latency: 62.084 s	decode throughput: 16.462 token/s
total latency: 65.127 s	total throughput: 15.723 token/s
model size: 0.000 GB	cache size: 0.000 GB	hidden size (p): 0.000 GB
peak gpu mem: 27.086 GB	projected: False
prefill latency: 5.694 s	prefill throughput: 2878.869 token/s
decode latency: 84.315 s	decode throughput: 12.121 token/s
total latency: 90.009 s	total throughput: 11.377 token/s
model size: 0.000 GB	cache size: 0.000 GB	hidden size (p): 0.000 GB
peak gpu mem: 27.086 GB	projected: False
prefill latency: 5.680 s	prefill throughput: 2885.770 token/s
decode latency: 79.677 s	decode throughput: 12.827 token/s
total latency: 85.357 s	total throughput: 11.997 token/s
model size: 0.000 GB	cache size: 0.000 GB	hidden size (p): 0.000 GB
peak gpu mem: 27.086 GB	projected: False
prefill latency: 5.654 s	prefill throughput: 2899.362 token/s
decode latency: 66.235 s	decode throughput: 15.430 token/s
total latency: 71.889 s	total throughput: 14.244 token/s
model size: 0.000 GB	cache size: 0.000 GB	hidden size (p): 0.000 GB
peak gpu mem: 27.086 GB	projected: False
prefill latency: 5.671 s	prefill throughput: 2890.367 token/s
decode latency: 81.799 s	decode throughput: 12.494 token/s
total latency: 87.470 s	total throughput: 11.707 token/s
model size: 0.000 GB	cache size: 0.000 GB	hidden size (p): 0.000 GB
peak gpu mem: 27.086 GB	projected: False
prefill latency: 5.733 s	prefill throughput: 2859.128 token/s
decode latency: 80.232 s	decode throughput: 12.738 token/s
total latency: 85.965 s	total throughput: 11.912 token/s
model size: 0.000 GB	cache size: 0.000 GB	hidden size (p): 0.000 GB
peak gpu mem: 27.086 GB	projected: False
prefill latency: 5.633 s	prefill throughput: 2910.064 token/s
decode latency: 89.855 s	decode throughput: 11.374 token/s
total latency: 95.488 s	total throughput: 10.724 token/s
model size: 0.000 GB	cache size: 0.000 GB	hidden size (p): 0.000 GB
peak gpu mem: 27.086 GB	projected: False
prefill latency: 5.647 s	prefill throughput: 2902.665 token/s
decode latency: 63.648 s	decode throughput: 16.057 token/s
total latency: 69.295 s	total throughput: 14.777 token/s
model size: 0.000 GB	cache size: 0.000 GB	hidden size (p): 0.000 GB
peak gpu mem: 27.086 GB	projected: False
prefill latency: 5.646 s	prefill throughput: 2903.464 token/s
decode latency: 63.976 s	decode throughput: 15.975 token/s
total latency: 69.621 s	total throughput: 14.708 token/s
model size: 0.000 GB	cache size: 0.000 GB	hidden size (p): 0.000 GB
peak gpu mem: 26.502 GB	projected: False
prefill latency: 13.423 s	prefill throughput: 1221.197 token/s
decode latency: 56.926 s	decode throughput: 17.953 token/s
total latency: 70.348 s	total throughput: 14.556 token/s
model size: 0.000 GB	cache size: 0.000 GB	hidden size (p): 0.000 GB
peak gpu mem: 26.166 GB	projected: False
prefill latency: 13.479 s	prefill throughput: 1216.147 token/s
decode latency: 59.190 s	decode throughput: 17.266 token/s
total latency: 72.668 s	total throughput: 14.091 token/s
model size: 0.000 GB	cache size: 0.000 GB	hidden size (p): 0.000 GB
peak gpu mem: 26.166 GB	projected: False
prefill latency: 13.657 s	prefill throughput: 1200.307 token/s
decode latency: 68.183 s	decode throughput: 14.989 token/s
total latency: 81.840 s	total throughput: 12.512 token/s
model size: 0.000 GB	cache size: 0.000 GB	hidden size (p): 0.000 GB
peak gpu mem: 26.166 GB	projected: False
prefill latency: 13.506 s	prefill throughput: 1213.670 token/s
decode latency: 66.840 s	decode throughput: 15.290 token/s
total latency: 80.346 s	total throughput: 12.745 token/s
model size: 0.000 GB	cache size: 0.000 GB	hidden size (p): 0.000 GB
peak gpu mem: 27.086 GB	projected: False
prefill latency: 5.572 s	prefill throughput: 2941.841 token/s
decode latency: 64.234 s	decode throughput: 15.911 token/s
total latency: 69.806 s	total throughput: 14.669 token/s
model size: 0.000 GB	cache size: 0.000 GB	hidden size (p): 0.000 GB
peak gpu mem: 27.086 GB	projected: False
prefill latency: 5.621 s	prefill throughput: 2916.001 token/s
decode latency: 52.110 s	decode throughput: 19.612 token/s
total latency: 57.732 s	total throughput: 17.737 token/s
model size: 0.000 GB	cache size: 0.000 GB	hidden size (p): 0.000 GB
peak gpu mem: 26.515 GB	projected: False
prefill latency: 14.885 s	prefill throughput: 1101.209 token/s
decode latency: 74.952 s	decode throughput: 13.635 token/s
total latency: 89.837 s	total throughput: 11.398 token/s
model size: 0.000 GB	cache size: 0.000 GB	hidden size (p): 0.000 GB
peak gpu mem: 27.086 GB	projected: False
prefill latency: 5.574 s	prefill throughput: 2940.790 token/s
decode latency: 67.296 s	decode throughput: 15.187 token/s
total latency: 72.870 s	total throughput: 14.052 token/s
model size: 0.000 GB	cache size: 0.000 GB	hidden size (p): 0.000 GB
peak gpu mem: 27.086 GB	projected: False
prefill latency: 5.618 s	prefill throughput: 2917.573 token/s
decode latency: 63.950 s	decode throughput: 15.981 token/s
total latency: 69.568 s	total throughput: 14.719 token/s
model size: 0.000 GB	cache size: 0.000 GB	hidden size (p): 0.000 GB
peak gpu mem: 27.086 GB	projected: False
prefill latency: 5.631 s	prefill throughput: 2910.928 token/s
decode latency: 62.902 s	decode throughput: 16.248 token/s
total latency: 68.533 s	total throughput: 14.942 token/s
model size: 0.000 GB	cache size: 0.000 GB	hidden size (p): 0.000 GB
peak gpu mem: 27.130 GB	projected: False
prefill latency: 3.035 s	prefill throughput: 5400.915 token/s
decode latency: 65.865 s	decode throughput: 15.517 token/s
total latency: 68.900 s	total throughput: 14.862 token/s
model size: 0.000 GB	cache size: 0.000 GB	hidden size (p): 0.000 GB
peak gpu mem: 17.485 GB	projected: False
prefill latency: 3.918 s	prefill throughput: 4184.135 token/s
decode latency: 66.513 s	decode throughput: 15.365 token/s
total latency: 70.430 s	total throughput: 14.539 token/s
model size: 0.000 GB	cache size: 0.000 GB	hidden size (p): 0.000 GB
peak gpu mem: 17.485 GB	projected: False
prefill latency: 4.030 s	prefill throughput: 4067.098 token/s
decode latency: 54.352 s	decode throughput: 18.803 token/s
total latency: 58.382 s	total throughput: 17.540 token/s
model size: 0.000 GB	cache size: 0.000 GB	hidden size (p): 0.000 GB
peak gpu mem: 17.485 GB	projected: False
prefill latency: 4.723 s	prefill throughput: 3470.345 token/s
decode latency: 75.436 s	decode throughput: 13.548 token/s
total latency: 80.159 s	total throughput: 12.775 token/s
model size: 0.000 GB	cache size: 0.000 GB	hidden size (p): 0.000 GB
peak gpu mem: 17.491 GB	projected: False
prefill latency: 2.284 s	prefill throughput: 7176.179 token/s
decode latency: 63.441 s	decode throughput: 16.109 token/s
total latency: 65.726 s	total throughput: 15.580 token/s
model size: 0.000 GB	cache size: 0.000 GB	hidden size (p): 0.000 GB
peak gpu mem: 17.491 GB	projected: False
prefill latency: 4.073 s	prefill throughput: 4024.122 token/s
decode latency: 49.451 s	decode throughput: 20.667 token/s
total latency: 53.524 s	total throughput: 19.131 token/s
model size: 0.000 GB	cache size: 0.000 GB	hidden size (p): 0.000 GB
peak gpu mem: 16.854 GB	projected: False
prefill latency: 16.985 s	prefill throughput: 965.096 token/s
decode latency: 61.413 s	decode throughput: 16.641 token/s
total latency: 78.398 s	total throughput: 13.062 token/s
model size: 0.000 GB	cache size: 0.000 GB	hidden size (p): 0.000 GB
peak gpu mem: 16.605 GB	projected: False
prefill latency: 17.913 s	prefill throughput: 915.073 token/s
decode latency: 67.709 s	decode throughput: 15.094 token/s
total latency: 85.623 s	total throughput: 11.959 token/s
model size: 0.000 GB	cache size: 0.000 GB	hidden size (p): 0.000 GB
peak gpu mem: 16.605 GB	projected: False
prefill latency: 16.942 s	prefill throughput: 967.522 token/s
decode latency: 86.187 s	decode throughput: 11.858 token/s
total latency: 103.129 s	total throughput: 9.929 token/s
model size: 0.000 GB	cache size: 0.000 GB	hidden size (p): 0.000 GB
peak gpu mem: 16.854 GB	projected: False
prefill latency: 15.003 s	prefill throughput: 1092.613 token/s
decode latency: 59.101 s	decode throughput: 17.292 token/s
total latency: 74.103 s	total throughput: 13.819 token/s
model size: 0.000 GB	cache size: 0.000 GB	hidden size (p): 0.000 GB
peak gpu mem: 16.604 GB	projected: False
prefill latency: 14.174 s	prefill throughput: 1156.474 token/s
decode latency: 74.332 s	decode throughput: 13.749 token/s
total latency: 88.506 s	total throughput: 11.570 token/s
model size: 0.000 GB	cache size: 0.000 GB	hidden size (p): 0.000 GB
peak gpu mem: 17.485 GB	projected: False
prefill latency: 3.513 s	prefill throughput: 4665.480 token/s
decode latency: 50.929 s	decode throughput: 20.067 token/s
total latency: 54.443 s	total throughput: 18.809 token/s
model size: 0.000 GB	cache size: 0.000 GB	hidden size (p): 0.000 GB
peak gpu mem: 17.485 GB	projected: False
prefill latency: 3.257 s	prefill throughput: 5032.751 token/s
decode latency: 65.081 s	decode throughput: 15.704 token/s
total latency: 68.338 s	total throughput: 14.984 token/s
model size: 0.000 GB	cache size: 0.000 GB	hidden size (p): 0.000 GB
peak gpu mem: 17.485 GB	projected: False
prefill latency: 3.531 s	prefill throughput: 4642.340 token/s
decode latency: 64.946 s	decode throughput: 15.736 token/s
total latency: 68.477 s	total throughput: 14.954 token/s
